../Core/Src/main.c:72:6:HAL_GPIO_EXTI_Callback	16	static
../Core/Src/main.c:81:6:Buzzer_On	32	static
../Core/Src/main.c:99:6:Buzzer_Off	8	static
../Core/Src/main.c:103:6:Debug_Print	16	static
../Core/Src/main.c:114:5:main	16	static
../Core/Src/main.c:186:6:SystemClock_Config	88	static
../Core/Src/main.c:233:13:MX_TIM1_Init	96	static
../Core/Src/main.c:308:13:MX_USART2_UART_Init	8	static
../Core/Src/main.c:341:13:MX_GPIO_Init	48	static
../Core/Src/main.c:412:6:Error_Handler	4	static,ignoring_inline_asm
