../Core/Src/main.c:62:5:_write	24	static
../Core/Src/main.c:82:5:main	184	static
../Core/Src/main.c:133:6:Debug_HC05_Receive	32	static
../Core/Src/main.c:187:6:Send_AT_Command	16	static
../Core/Src/main.c:207:6:Receive_Response	24	static
../Core/Src/main.c:244:6:SystemClock_Config	88	static
../Core/Src/main.c:330:13:MX_USART1_UART_Init	8	static
../Core/Src/main.c:348:13:MX_USART2_UART_Init	8	static
../Core/Src/main.c:366:13:MX_GPIO_Init	32	static
../Core/Src/main.c:383:6:Error_Handler	4	static,ignoring_inline_asm
